// Jest Snapshot v1, https://goo.gl/fbAQLP

exports[`DropdownList Component matches the snapshot 1`] = `ShallowWrapper {}`;
