// Jest Snapshot v1, https://goo.gl/fbAQLP

exports[`AutoComplete Component matches the snapshot 1`] = `ShallowWrapper {}`;
