// Jest Snapshot v1, https://goo.gl/fbAQLP

exports[`SuggestionItem Component matches the snapshot 1`] = `ShallowWrapper {}`;
