// Jest Snapshot v1, https://goo.gl/fbAQLP

exports[`SearchInput Component matches the snapshot 1`] = `ShallowWrapper {}`;
